{
    "message": "MemTotal:         192044 kB\nMemFree:          101272 kB\nMemAvailable:     149860 kB\nBuffers:            3868 kB\nCached:            48352 kB\nSwapCached:            0 kB\nActive:            31320 kB\nInactive:          38180 kB\nActive(anon):      17360 kB\nInactive(anon):      212 kB\nActive(file):      13960 kB\nInactive(file):    37968 kB\nUnevictable:           0 kB\nMlocked:               0 kB\nSwapTotal:             0 kB\nSwapFree:              0 kB\nDirty:               156 kB\nWriteback:             0 kB\nAnonPages:         17364 kB\nMapped:            34780 kB\nShmem:               212 kB\nSlab:              12936 kB\nSReclaimable:       4164 kB\nSUnreclaim:         8772 kB\nKernelStack:        1156 kB\nPageTables:         1232 kB\nNFS_Unstable:          0 kB\nBounce:                0 kB\nWritebackTmp:          0 kB\nCommitLimit:       96020 kB\nCommitted_AS:      83912 kB\nVmallocTotal:   34359738367 kB\nVmallocUsed:           0 kB\nVmallocChunk:          0 kB\nAnonHugePages:         0 kB\nShmemHugePages:        0 kB\nShmemPmdMapped:        0 kB\nHugePages_Total:       0\nHugePages_Free:        0\nHugePages_Rsvd:        0\nHugePages_Surp:        0\nHugepagesize:       2048 kB\nDirectMap4k:       22528 kB\nDirectMap2M:      190464 kB\n"
}